&na
  c0='foo'
  c1='BAR'
  c2="baz"
  c3='/ &'
  c4='a','b'
  c5='c','d'
  c6=3*'z'
  c7=3*
/
&nb
  i0=88
  i1=+88
  i2=-88
  i3(1)=88
  i4(1:2)=88,88
  i5(2:4:2)=88,88
  i6(2:)=88
/
&nc
  f0=f
  f1=f
  f2=f
  f3=f
  f4=f
  f5=f
  t0=t
  t1=t
  t2=t
  t3=t
  t4=t
  t5=t
/
&nd
  m0=(1.,2.)
  m1=(1.1,2.2)
  m2=(1.2e3,2.3d4)
  m3=(-1.,+.2)
/
&ne
  r0=1.,1.0,-1.0,+1.0
  r1=1.1e2,1.1d2,1.1e-2,1.1d+2
  r12345678901234567890123456789012345678901234567890123456789012=1.
  r2=-1.1e2,+1.1e2,-1.1d-2,+1.1d+2
  r3=,,
/
&nf
/
